    Finished `test` profile [unoptimized + debuginfo] target(s) in 0.12s
     Running tests\pipeline.rs (target\debug\deps\pipeline-326401a35f98c730.exe)

running 1 test
test chatbot_full_pipeline_e2e ... ok

test result: ok. 1 passed; 0 failed; 0 ignored; 0 measured; 22 filtered out; finished in 0.00s

