---
source: crates/vox-codegen/tests/golden_ts_test.rs
expression: combined
---
=== types.ts ===
export type Product = { readonly id: number; readonly name: string; readonly price: number; readonly description: string };

export type ApiEvent = { readonly event_type: string; readonly created_at: string; readonly payload_size: number };

export type Order = { readonly id: string; readonly count: number };

export type Config = { readonly host: string; readonly port: number; readonly retries: number };

export type ToolCall =
  | { readonly _tag: "Search"; readonly query: string }
  | { readonly _tag: "Fetch"; readonly url: string };

export const Search = (query: string): ToolCall => ({ _tag: "Search", query });
export const Fetch = (url: string): ToolCall => ({ _tag: "Fetch", url });

export type Shape =
  | { readonly _tag: "Circle"; readonly radius: number }
  | { readonly _tag: "Square"; readonly side: number };

export const Circle = (radius: number): Shape => ({ _tag: "Circle", radius });
export const Square = (side: number): Shape => ({ _tag: "Square", side });



=== vox-app-contract.json ===
{
  "schema_version": 2,
  "http_routes": [],
  "server_fns": [],
  "query_fns": [],
  "mutation_fns": [],
  "mcp_tools": [],
  "mcp_resources": [],
  "server_config": {
    "bind_host": "127.0.0.1",
    "default_port": 3000,
    "port_env_var": "VOX_PORT",
    "dev_proxy_env_var": "VOX_SSR_DEV_URL",
    "static_assets_embed_dir": "public/"
  }
}

=== vox-tanstack-query.tsx ===
/**
 * TanStack Query helpers — generated by Vox (`vox-compiler`).
 * Wrap async data (e.g. `vox-client` / `fetch`) with `useVoxServerQuery`.
 */
import { QueryClient, QueryClientProvider, useQuery } from "@tanstack/react-query";
import type { ReactElement, ReactNode } from "react";

export const voxQueryClient = new QueryClient({
  defaultOptions: {
    queries: { staleTime: 30_000 },
  },
});

export function VoxQueryProvider({
  children,
}: Readonly<{ children: ReactNode }>): ReactElement {
  return <QueryClientProvider client={voxQueryClient}>{children}</QueryClientProvider>;
}

/** Narrow mapping: stable `queryKey` + promise `queryFn` (pairs with generated server fns). */
export function useVoxServerQuery<TData>(
  queryKey: readonly unknown[],
  queryFn: () => Promise<TData>,
) {
  return useQuery<TData>({ queryKey, queryFn });
}


=== schemas.ts ===
import { z } from "zod";

export const ProductSchema = z.object({
  id: z.number(),
  name: z.string(),
  price: z.number(),
  description: z.string().optional(),
});

export const ApiEventSchema = z.object({
  event_type: z.string(),
  created_at: z.string(),
  payload_size: z.number(),
});

export const OrderSchema = z.object({
  id: z.string(),
  count: z.number(),
});

export const ConfigSchema = z.object({
  host: z.string(),
  port: z.number(),
  retries: z.number(),
});

export const ToolCallSchema = z.discriminatedUnion("_tag", [
  z.object({
    _tag: z.literal("Search"),
    query: z.string(),
  }),
  z.object({
    _tag: z.literal("Fetch"),
    url: z.string(),
  }),
]);

export const ShapeSchema = z.discriminatedUnion("_tag", [
  z.object({
    _tag: z.literal("Circle"),
    radius: z.number(),
  }),
  z.object({
    _tag: z.literal("Square"),
    side: z.number(),
  }),
]);



=== openapi.json ===
{
  "openapi": "3.1.0",
  "info": {
    "title": "vox-app",
    "version": "0.1.0",
    "description": "Generated from Vox source. Conforms to wire-format-v1.\n\nQuery (`GET`) parameters: each query value is JSON text after URI decoding — see wire-format-v1 SSOT §2.1. The `schema` on each parameter describes the logical type after `JSON.parse`; it is not the raw query-string token shape."
  },
  "servers": [
    {
      "url": ""
    }
  ],
  "paths": {},
  "components": {
    "schemas": {
      "ApiEvent": {
        "type": "object",
        "properties": {
          "event_type": {
            "type": "string"
          },
          "created_at": {
            "type": "string"
          },
          "payload_size": {
            "type": "number"
          }
        },
        "required": [
          "event_type",
          "created_at",
          "payload_size"
        ]
      },
      "Config": {
        "type": "object",
        "properties": {
          "host": {
            "type": "string"
          },
          "port": {
            "type": "number"
          },
          "retries": {
            "type": "number"
          }
        },
        "required": [
          "host",
          "port",
          "retries"
        ]
      },
      "Order": {
        "type": "object",
        "properties": {
          "id": {
            "type": "string"
          },
          "count": {
            "type": "number"
          }
        },
        "required": [
          "id",
          "count"
        ]
      },
      "Product": {
        "type": "object",
        "properties": {
          "id": {
            "type": "number"
          },
          "name": {
            "type": "string"
          },
          "price": {
            "type": "number"
          },
          "description": {
            "type": "string"
          }
        },
        "required": [
          "id",
          "name",
          "price"
        ]
      },
      "Shape": {
        "oneOf": [
          {
            "type": "object",
            "properties": {
              "_tag": {
                "type": "string",
                "const": "Circle"
              },
              "radius": {
                "type": "number"
              }
            },
            "required": [
              "_tag",
              "radius"
            ]
          },
          {
            "type": "object",
            "properties": {
              "_tag": {
                "type": "string",
                "const": "Square"
              },
              "side": {
                "type": "number"
              }
            },
            "required": [
              "_tag",
              "side"
            ]
          }
        ],
        "discriminator": {
          "propertyName": "_tag"
        }
      },
      "ToolCall": {
        "oneOf": [
          {
            "type": "object",
            "properties": {
              "_tag": {
                "type": "string",
                "const": "Search"
              },
              "query": {
                "type": "string"
              }
            },
            "required": [
              "_tag",
              "query"
            ]
          },
          {
            "type": "object",
            "properties": {
              "_tag": {
                "type": "string",
                "const": "Fetch"
              },
              "url": {
                "type": "string"
              }
            },
            "required": [
              "_tag",
              "url"
            ]
          }
        ],
        "discriminator": {
          "propertyName": "_tag"
        }
      },
      "ErrorEnvelope": {
        "type": "object",
        "description": "Wire-format v1 error body (SSOT §6). Returned for 4xx/5xx endpoint failures.",
        "required": [
          "ok",
          "code",
          "message"
        ],
        "properties": {
          "ok": {
            "type": "boolean",
            "const": false
          },
          "code": {
            "type": "string",
            "description": "Stable SCREAMING_SNAKE_CASE machine code"
          },
          "message": {
            "type": "string"
          },
          "request_id": {
            "type": "string",
            "description": "Optional trace / request correlation id"
          },
          "details": {
            "description": "Optional structured payload; shape is code-specific"
          }
        }
      }
    }
  }
}
