---
source: crates/vox-lsp/tests/diagnostic_snapshots.rs
expression: diagnostic_summaries(&diags)
---
[
  {
    "range": {
      "start": {
        "line": 0,
        "character": 7
      },
      "end": {
        "line": 1,
        "character": 0
      }
    },
    "severity": "Warning",
    "code": null,
    "message": "Rust import 'serde_json' includes explicit dependency metadata, but full app codegen templates may own this crate version/path and ignore import-level pins.",
    "source": "vox-lsp",
    "data": {
      "suggestions": [],
      "fixes": []
    }
  },
  {
    "range": {
      "start": {
        "line": 1,
        "character": 7
      },
      "end": {
        "line": 2,
        "character": 0
      }
    },
    "severity": "Warning",
    "code": null,
    "message": "Rust import 'serde_json' includes explicit dependency metadata, but full app codegen templates may own this crate version/path and ignore import-level pins.",
    "source": "vox-lsp",
    "data": {
      "suggestions": [],
      "fixes": []
    }
  },
  {
    "range": {
      "start": {
        "line": 1,
        "character": 7
      },
      "end": {
        "line": 2,
        "character": 0
      }
    },
    "severity": "Error",
    "code": null,
    "message": "Conflicting dependency specifications for rust crate 'serde_json': versions/path/git metadata must match across imports for the same crate name",
    "source": "vox-lsp",
    "data": {
      "suggestions": [],
      "fixes": []
    }
  }
]
